(!) Your Vite config uses features that are unsupported by `configLoader: 'native'`, which is planned to become the default in a future major version of Vite:
  - JSON import "./control-ui-i18n-config.json" without import attributes (../../scripts/lib/control-ui-i18n-sync-plan.ts:2:41). Add `with { type: 'json' }`
Set `VITE_CONFIG_NATIVE_IGNORE_WARNING=true` to suppress this warning.
(!) Your Vite config uses features that are unsupported by `configLoader: 'native'`, which is planned to become the default in a future major version of Vite:
  - JSON import "./control-ui-i18n-config.json" without import attributes (../../scripts/lib/control-ui-i18n-sync-plan.ts:2:41). Add `with { type: 'json' }`
Set `VITE_CONFIG_NATIVE_IGNORE_WARNING=true` to suppress this warning.
(!) Your Vite config uses features that are unsupported by `configLoader: 'native'`, which is planned to become the default in a future major version of Vite:
  - JSON import "./control-ui-i18n-config.json" without import attributes (../../scripts/lib/control-ui-i18n-sync-plan.ts:2:41). Add `with { type: 'json' }`
Set `VITE_CONFIG_NATIVE_IGNORE_WARNING=true` to suppress this warning.
(!) Your Vite config uses features that are unsupported by `configLoader: 'native'`, which is planned to become the default in a future major version of Vite:
  - JSON import "./control-ui-i18n-config.json" without import attributes (../../scripts/lib/control-ui-i18n-sync-plan.ts:2:41). Add `with { type: 'json' }`
Set `VITE_CONFIG_NATIVE_IGNORE_WARNING=true` to suppress this warning.
Plugin "vitest:mocks:interceptor" defines Vite-specific hooks (configureServer) in a plugin returned from applyToEnvironment. These hooks will be ignored.

 RUN  v5.0.1 ~/work/oss-166304

 ✓  extension-memory  extensions/memory-wiki/src/markdown.test.ts > slugifyWikiSegment > preserves Unicode letters and numbers in wiki slugs 263ms
 ✓  extension-memory  extensions/memory-wiki/src/markdown.test.ts > slugifyWikiSegment > keeps ASCII behavior unchanged 16ms
 ✓  extension-memory  extensions/memory-wiki/src/markdown.test.ts > slugifyWikiSegment > retains combining marks so distinct titles do not collapse 10ms
 ✓  extension-memory  extensions/memory-wiki/src/markdown.test.ts > slugifyWikiSegment > caps long Unicode slugs to a safe filename byte length 32ms
 ✓  extension-memory  extensions/memory-wiki/src/markdown.test.ts > slugifyWikiSegment > caps composed wiki page filenames to a safe path-component length 16ms
 ✓  extension-memory  extensions/memory-wiki/src/markdown.test.ts > human Notes blocks > extracts and preserves complete human Notes blocks 9ms
 ✓  extension-memory  extensions/memory-wiki/src/markdown.test.ts > human Notes blocks > leaves pages without human Notes markers unchanged 10ms
 ✓  extension-memory  extensions/memory-wiki/src/markdown.test.ts > human Notes blocks > rejects a missing closing marker before extracting or replacing Notes 13ms
 ✓  extension-memory  extensions/memory-wiki/src/markdown.test.ts > human Notes blocks > rejects a missing opening marker before extracting or replacing Notes 22ms
 ✓  extension-memory  extensions/memory-wiki/src/markdown.test.ts > human Notes blocks > ignores a standalone marker inside fenced source content 11ms
 ✓  extension-memory  extensions/memory-wiki/src/markdown.test.ts > human Notes blocks > ignores a standalone marker inside fenced source content 3ms
 ✓  extension-memory  extensions/memory-wiki/src/markdown.test.ts > human Notes blocks > preserves marker comments embedded in complete human Notes 3ms
 ✓  extension-memory  extensions/memory-wiki/src/markdown.test.ts > human Notes blocks > ignores source-body marker pairs when extracting and preserving actual Notes 3ms
 ✓  extension-memory  extensions/memory-wiki/src/markdown.test.ts > toWikiPageSummary > can omit link extraction without changing parsed content or other metadata 25ms
 ✓  extension-memory  extensions/memory-wiki/src/markdown.test.ts > toWikiPageSummary > marks raw and generated source body metadata 6ms
 ✓  extension-memory  extensions/memory-wiki/src/markdown.test.ts > toWikiPageSummary > normalizes agent-facing people wiki metadata 6ms
 ✓  extension-memory  extensions/memory-wiki/src/markdown.test.ts > toWikiPageSummary > reports and excludes unparsable frontmatter from page scans (#96125) 37ms
 ✓  extension-memory  extensions/memory-wiki/src/markdown.test.ts > toWikiPageSummary > reports and excludes sequence frontmatter roots from page scans 38ms
 ✓  extension-memory  extensions/memory-wiki/src/markdown.test.ts > toWikiPageSummary > reports and excludes scalar frontmatter roots from page scans 38ms
 ✓  extension-memory  extensions/memory-wiki/src/markdown.test.ts > toWikiPageSummary > preserves frontmatter and body for valid YAML (#96125 control) 30ms
 ✓  extension-memory  extensions/memory-wiki/src/markdown.test.ts > scanWikiPageSummary linkTargets > accepts a closing fence longer than the opening fence (#97945) 34ms
 ✓  extension-memory  extensions/memory-wiki/src/markdown.test.ts > scanWikiPageSummary linkTargets > does not leak [[…]] when a shorter fence-like line appears inside a longer fenced block (#97945) 40ms
 ✓  extension-memory  extensions/memory-wiki/src/markdown.test.ts > scanWikiPageSummary linkTargets > handles an invalid backtick info string without hiding prose links 26ms
 ✓  extension-memory  extensions/memory-wiki/src/markdown.test.ts > scanWikiPageSummary linkTargets > handles an unmatched backtick run without hiding prose links 32ms
 ✓  extension-memory  extensions/memory-wiki/src/markdown.test.ts > scanWikiPageSummary linkTargets > handles a fenced block inside a blockquote without hiding prose links 47ms
 ✓  extension-memory  extensions/memory-wiki/src/markdown.test.ts > scanWikiPageSummary linkTargets > handles a fenced block inside a list without hiding prose links 19ms
 ✓  extension-memory  extensions/memory-wiki/src/markdown.test.ts > scanWikiPageSummary linkTargets > handles a multiline code span without hiding prose links 3ms
 ✓  extension-memory  extensions/memory-wiki/src/markdown.test.ts > scanWikiPageSummary linkTargets > handles separate multi-backtick code spans without hiding prose links 5ms
 ✓  extension-memory  extensions/memory-wiki/src/prompt-section.test.ts > Memory Wiki prompt section > prefers shared memory corpus guidance when memory tools are available 78ms
 ✓  extension-memory  extensions/memory-wiki/src/prompt-section.test.ts > Memory Wiki prompt section > prepares a compact compiled digest from SQLite 17ms
 ✓  extension-memory  extensions/memory-wiki/src/prompt-section.test.ts > Memory Wiki prompt section > hard-bounds oversized structured claims without spl… before model-context injection 9ms
 ✓  extension-memory  extensions/memory-wiki/src/prompt-section.test.ts > Memory Wiki prompt section > hard-bounds oversized page titles without splitting… before model-context injection 7ms
 ✓  extension-memory  extensions/memory-wiki/src/prompt-section.test.ts > Memory Wiki prompt section > hard-bounds the complete digest across multiple ind… before model-context injection 326ms
 ✓  extension-memory  extensions/memory-wiki/src/prompt-section.test.ts > Memory Wiki prompt section > keeps the digest disabled by default 164ms
 ✓  extension-memory  extensions/memory-wiki/src/prompt-section.test.ts > Memory Wiki prompt section > stabilizes digest ordering for prompt-cache-friendly output 64ms
 ✓  extension-memory  extensions/memory-wiki/src/prompt-section.test.ts > Memory Wiki prompt section > does no filesystem work during synchronous prompt guidance 25ms
 ✓  extension-memory  extensions/memory-wiki/src/bridge.test.ts > syncMemoryWikiBridgeSources > imports public memory artifacts and stays idempotent across reruns 616ms
 ✓  extension-memory  extensions/memory-wiki/src/unsafe-local.test.ts > syncMemoryWikiUnsafeLocalSources > imports explicit private paths and preserves unsafe-local provenance 570ms
 ✓  extension-memory  extensions/memory-wiki/src/prompt-section.test.ts > Memory Wiki prompt section > prepares only the invoking agent's compiled digest 148ms
 ✓  extension-memory  extensions/memory-wiki/src/bridge.test.ts > syncMemoryWikiBridgeSources > skips generated artifacts from its own vault 269ms
 ✓  extension-memory  extensions/memory-wiki/src/status.test.ts > resolveMemoryWikiStatus > warns when unsafe-local is selected without explicit private access 100ms
 ✓  extension-memory  extensions/memory-wiki/src/status.test.ts > resolveMemoryWikiStatus > skips artifact enumeration when readMemoryArtifacts is disabled 114ms
 ✓  extension-memory  extensions/memory-wiki/src/status.test.ts > resolveMemoryWikiStatus > counts only artifacts owned by the resolved agent in agent scope 29ms
 ✓  extension-memory  extensions/memory-wiki/src/status.test.ts > resolveMemoryWikiStatus > scopes global-vault status metadata when called by an agent tool 5ms
 ✓  extension-memory  extensions/memory-wiki/src/status.test.ts > resolveMemoryWikiStatus > rejects status for an unresolved agent-scoped config 4ms
 ✓  extension-memory  extensions/memory-wiki/src/bridge.test.ts > syncMemoryWikiBridgeSources > imports bridge artifacts from legacy providers without agent ids 245ms
 ✓  extension-memory  extensions/memory-wiki/src/unsafe-local.test.ts > syncMemoryWikiUnsafeLocalSources > salvages unsafe-local page Notes when configured files disappear 506ms
 ✓  extension-memory  extensions/memory-wiki/src/unsafe-local.test.ts > syncMemoryWikiUnsafeLocalSources > preserves pages and human notes for unavailable configured paths 317ms
 ✓  extension-memory  extensions/memory-wiki/src/status.test.ts > resolveMemoryWikiStatus > discovers pages in nested subdirectories 304ms
 ✓  extension-memory  extensions/memory-wiki/src/bridge.test.ts > syncMemoryWikiBridgeSources > isolates agent-scoped bridge artifacts while preserving shared ownership 533ms
 ✓  extension-memory  extensions/memory-wiki/src/bridge.test.ts > syncMemoryWikiBridgeSources > rejects an unresolved agent-scoped bridge config 15ms
 ✓  extension-memory  extensions/memory-wiki/src/bridge.test.ts > syncMemoryWikiBridgeSources > returns a no-op result outside bridge mode 6ms
 ✓  extension-memory  extensions/memory-wiki/src/bridge.test.ts > syncMemoryWikiBridgeSources > returns a no-op result when bridge mode is enabled without exported memory artifacts 3ms
 ✓  extension-memory  extensions/memory-wiki/src/status.test.ts > resolveMemoryWikiStatus > excludes malformed pages from status counts (#96125) 225ms
 ✓  extension-memory  extensions/memory-wiki/src/unsafe-local.test.ts > syncMemoryWikiUnsafeLocalSources > keeps prior pages, sync state, and ingest log when a source read fails 233ms
 ✓  extension-memory  extensions/memory-wiki/src/status.test.ts > resolveMemoryWikiStatus > counts source provenance from the vault 312ms
 ✓  extension-memory  extensions/memory-wiki/src/status.test.ts > renderMemoryWikiStatus > includes warnings in the text output 2ms
 ✓  extension-memory  extensions/memory-wiki/src/status.test.ts > memory wiki doctor > builds actionable fixes from status warnings 3ms
 ✓  extension-memory  extensions/memory-wiki/src/status.test.ts > memory wiki doctor > suggests bridge fixes when no public artifacts are exported 2ms
 ✓  extension-memory  extensions/memory-wiki/src/bridge.test.ts > syncMemoryWikiBridgeSources > imports the public memory event journal when followMemoryEvents is enabled 300ms
 ✓  extension-memory  extensions/memory-wiki/src/unsafe-local.test.ts > syncMemoryWikiUnsafeLocalSources > skips generated source pages copied into a configured path 401ms
 ✓  extension-memory  extensions/memory-wiki/src/import-insights.test.ts > projectMemoryWikiImportInsight > deduplicates before the four-signal cap… 20ms
 ✓  extension-memory  extensions/memory-wiki/src/import-insights.test.ts > projectMemoryWikiImportInsight > deduplicates prefixed corrections again… 16ms
 ✓  extension-memory  extensions/memory-wiki/src/import-insights.test.ts > projectMemoryWikiImportInsight > does not backfill duplicate corrections… 30ms
 ✓  extension-memory  extensions/memory-wiki/src/bridge.test.ts > syncMemoryWikiBridgeSources > salvages bridge page Notes when the source artifact disappears 552ms
 ✓  extension-memory  extensions/memory-wiki/src/import-insights.test.ts > projectMemoryWikiImportInsight > keeps empty input empty 40ms
 ✓  extension-memory  extensions/memory-wiki/src/import-insights.test.ts > projectMemoryWikiImportInsight > keeps withheld content out of all signa… 75ms
 ✓  extension-memory  extensions/memory-wiki/src/unsafe-local.test.ts > syncMemoryWikiUnsafeLocalSources > skips a configured source whose canonical path is inside the active vault 647ms
 ✓  extension-memory  extensions/memory-wiki/src/source-sync.test.ts > syncMemoryWikiImportedSources > routes bridge mode through bridge sync and merges refresh results 52ms
 ✓  extension-memory  extensions/memory-wiki/src/source-sync.test.ts > syncMemoryWikiImportedSources > coalesces separately resolved equivalent configs for one vault 70ms
 ✓  extension-memory  extensions/memory-wiki/src/source-sync.test.ts > syncMemoryWikiImportedSources > keeps sharing the active flight while indexes refresh 68ms
 ✓  extension-memory  extensions/memory-wiki/src/source-sync.test.ts > syncMemoryWikiImportedSources > clears completed flights so later polls observe new source state 15ms
 ✓  extension-memory  extensions/memory-wiki/src/source-sync.test.ts > syncMemoryWikiImportedSources > waits for an existing vault mutation before starting source sync 23ms
 ✓  extension-memory  extensions/memory-wiki/src/bridge.test.ts > syncMemoryWikiBridgeSources > keeps stale pages when the memory capability closes during a source read 471ms
 ✓  extension-memory  extensions/memory-wiki/src/unsafe-local.test.ts > syncMemoryWikiUnsafeLocalSources > caps composed unsafe-local filenames to the filesystem component limit 380ms
 ✓  extension-memory  extensions/memory-wiki/src/source-sync.test.ts > syncMemoryWikiImportedSources > serializes different config snapshots for the same vault 75ms
 ✓  extension-memory  extensions/memory-wiki/src/source-sync.test.ts > syncMemoryWikiImportedSources > serializes bridge and unsafe-local syncs for one vault 57ms
 ✓  extension-memory  extensions/memory-wiki/src/import-insights.test.ts > compiled import insights > clusters ChatGPT import pages by topic and extracts digest fields 692ms
 ✓  extension-memory  extensions/memory-wiki/src/source-sync.test.ts > syncMemoryWikiImportedSources > allows different agent vaults to sync in parallel 200ms
 ✓  extension-memory  extensions/memory-wiki/src/source-sync.test.ts > syncMemoryWikiImportedSources > clears failed flights so a later sync can retry 58ms
 ✓  extension-memory  extensions/memory-wiki/src/source-sync.test.ts > syncMemoryWikiImportedSources > routes unsafe-local mode through unsafe-local sync 4ms
 ✓  extension-memory  extensions/memory-wiki/src/lint.test.ts > lintMemoryWikiVault > renders the empty report without issue sections 1419ms
 ✓  extension-memory  extensions/memory-wiki/src/bridge.test.ts > syncMemoryWikiBridgeSources > refuses to overwrite bridge source pages through vault symlinks 446ms
 ✓  extension-memory  extensions/memory-wiki/src/compile.test.ts > compileMemoryWikiVault > writes root and directory indexes for native markdown 1548ms
 ✓  extension-memory  extensions/memory-wiki/src/bridge.test.ts > syncMemoryWikiBridgeSources > reports non-symlink bridge source write safety failures without symlink wording 522ms
 ✓  extension-memory  extensions/memory-wiki/src/import-insights.test.ts > compiled import insights > truncates import insight summaries without leaving lone surrogates 980ms
 ✓  extension-memory  extensions/memory-wiki/src/bridge.test.ts > syncMemoryWikiBridgeSources > does not remove empty directory bridge source collisions as hardlinks 289ms
 ✓  extension-memory  extensions/memory-wiki/src/compile.test.ts > compileMemoryWikiVault > keeps changed imports compile-required when auto-compile is disabled 615ms
 ✓  extension-memory  extensions/memory-wiki/src/bridge.test.ts > syncMemoryWikiBridgeSources > replaces bridge source page hardlinks without clobbering their target 348ms
 ✓  extension-memory  extensions/memory-wiki/src/lint.test.ts > lintMemoryWikiVault > accepts native markdown links that include the relative .md target 1233ms
 ✓  extension-memory  extensions/memory-wiki/src/bridge.test.ts > syncMemoryWikiBridgeSources > caps composed bridge source filenames to the filesystem component limit 281ms
 ✓  extension-memory  extensions/memory-wiki/src/source-page-shared.test.ts > writeImportedSourcePage > falls back when the source mtime is outside the Date range 180ms
 ✓  extension-memory  extensions/memory-wiki/src/source-page-shared.test.ts > writeImportedSourcePage > skips 1,914 unchanged pages before opening the guarded vault 123ms
 ✓  extension-memory  extensions/memory-wiki/src/source-page-shared.test.ts > writeImportedSourcePage > recreates an unchanged source entry when its page is missing 92ms
 ✓  extension-memory  extensions/memory-wiki/src/source-page-shared.test.ts > writeImportedSourcePage > preserves a bridge page and tracked state when its human Notes opening marker is missing 170ms
 ✓  extension-memory  extensions/memory-wiki/src/source-page-shared.test.ts > writeImportedSourcePage > preserves a unsafe-local page and tracked state when its human Notes closing marker is missing 29ms
 ✓  extension-memory  extensions/memory-wiki/src/compile.test.ts > compileMemoryWikiVault > serves an unchanged compiled cache without reading the vault 911ms
 ✓  extension-memory  extensions/memory-wiki/src/lint.test.ts > lintMemoryWikiVault > does not report broken wikilinks for [[…]] patterns inside fenced code blocks or inline code (#97945) 934ms
 ✓  extension-memory  extensions/memory-wiki/src/source-page-shared.test.ts > writeImportedSourcePage > preserves CRLF human notes without copying marker comments from existing imported content 172ms
 ✓  extension-memory  extensions/memory-wiki/src/compile.test.ts > compileMemoryWikiVault > preserves source page bytes while rebuilding derived artifacts 441ms
 ✓  extension-memory  extensions/memory-wiki/src/gateway.test.ts > memory-wiki gateway methods > registers Obsidian CLI methods with write scope 134ms
 ✓  extension-memory  extensions/memory-wiki/src/gateway.test.ts > memory-wiki gateway methods > wiki.status resolves its request agent exactly once 38ms
 ✓  extension-memory  extensions/memory-wiki/src/gateway.test.ts > memory-wiki gateway methods > wiki.importRuns resolves its request agent exactly once 31ms
 ✓  extension-memory  extensions/memory-wiki/src/gateway.test.ts > memory-wiki gateway methods > wiki.importInsights resolves its request agent exactly once 52ms
 ✓  extension-memory  extensions/memory-wiki/src/gateway.test.ts > memory-wiki gateway methods > wiki.overview resolves its request agent exactly once 31ms
 ✓  extension-memory  extensions/memory-wiki/src/gateway.test.ts > memory-wiki gateway methods > wiki.init resolves its request agent exactly once 5ms
 ✓  extension-memory  extensions/memory-wiki/src/gateway.test.ts > memory-wiki gateway methods > wiki.doctor resolves its request agent exactly once 9ms
 ✓  extension-memory  extensions/memory-wiki/src/compiled-cache.test.ts > Memory Wiki compiled publication ownership > owns every compiled branch without changing persisted text: plain-ascii 127ms
 ✓  extension-memory  extensions/memory-wiki/src/compiled-cache.test.ts > Memory Wiki compiled publication ownership > owns every compiled branch without changing persisted text: 漢字-é-😀-é-�-x-� 11ms
 ✓  extension-memory  extensions/memory-wiki/src/compile.test.ts > compileMemoryWikiVault > excludes malformed pages from indexes, digests, counts, and page writes (#96125) 619ms
 ✓  extension-memory  extensions/memory-wiki/src/gateway.test.ts > memory-wiki gateway methods > wiki.compile resolves its request agent exactly once 10ms
 ✓  extension-memory  extensions/memory-wiki/src/gateway.test.ts > memory-wiki gateway methods > wiki.ingest resolves its request agent exactly once 9ms
 ✓  extension-memory  extensions/memory-wiki/src/gateway.test.ts > memory-wiki gateway methods > wiki.lint resolves its request agent exactly once 7ms
 ✓  extension-memory  extensions/memory-wiki/src/gateway.test.ts > memory-wiki gateway methods > wiki.bridge.import resolves its request agent exactly once 44ms
 ✓  extension-memory  extensions/memory-wiki/src/lint.test.ts > lintMemoryWikiVault > accepts unmanaged raw markdown source pages without page frontmatter 997ms
 ✓  extension-memory  extensions/memory-wiki/src/gateway.test.ts > memory-wiki gateway methods > wiki.unsafeLocal.import resolves its request agent exactly once 67ms
 ✓  extension-memory  extensions/memory-wiki/src/gateway.test.ts > memory-wiki gateway methods > wiki.search resolves its request agent exactly once 63ms
 ✓  extension-memory  extensions/memory-wiki/src/gateway.test.ts > memory-wiki gateway methods > wiki.apply resolves its request agent exactly once 39ms
 ✓  extension-memory  extensions/memory-wiki/src/gateway.test.ts > memory-wiki gateway methods > wiki.get resolves its request agent exactly once 35ms
 ✓  extension-memory  extensions/memory-wiki/src/gateway.test.ts > memory-wiki gateway methods > wiki.obsidian.search resolves its request agent exactly once 41ms
 ✓  extension-memory  extensions/memory-wiki/src/gateway.test.ts > memory-wiki gateway methods > wiki.obsidian.open resolves its request agent exactly once 18ms
 ✓  extension-memory  extensions/memory-wiki/src/compile.test.ts > compileMemoryWikiVault > rejects root index with sequence-root frontmatt… without changing its bytes 335ms
 ✓  extension-memory  extensions/memory-wiki/src/gateway.test.ts > memory-wiki gateway methods > wiki.obsidian.command resolves its request agent exactly once 11ms
 ✓  extension-memory  extensions/memory-wiki/src/gateway.test.ts > memory-wiki gateway methods > wiki.obsidian.daily resolves its request agent exactly once 12ms
 ✓  extension-memory  extensions/memory-wiki/src/gateway.test.ts > memory-wiki gateway methods > keeps only the Obsidian executable probe outside vault resolution 9ms
 ✓  extension-memory  extensions/memory-wiki/src/gateway.test.ts > memory-wiki gateway methods > rejects official Obsidian CLI actions for agent-scoped vaults 58ms
 ✓  extension-memory  extensions/memory-wiki/src/gateway.test.ts > memory-wiki gateway methods > binds manual compilation to the active service generation 47ms
 ✓  extension-memory  extensions/memory-wiki/src/gateway.test.ts > memory-wiki gateway methods > keeps global vault requests on the shared base config 58ms
 ✓  extension-memory  extensions/memory-wiki/src/gateway.test.ts > memory-wiki gateway methods > resolves an agent-scoped vault once from each request and live app config 49ms
 ✓  extension-memory  extensions/memory-wiki/src/gateway.test.ts > memory-wiki gateway methods > fails closed for invalid agent-scoped requests 32ms
 ✓  extension-memory  extensions/memory-wiki/src/gateway.test.ts > memory-wiki gateway methods > fails closed for invalid agent-scoped requests 6ms
 ✓  extension-memory  extensions/memory-wiki/src/gateway.test.ts > memory-wiki gateway methods > returns recent import runs over the gateway 12ms
 ✓  extension-memory  extensions/memory-wiki/src/gateway.test.ts > memory-wiki gateway methods > wiki.importInsights responds without waiting for source sync 10ms
 ✓  extension-memory  extensions/memory-wiki/src/gateway.test.ts > memory-wiki gateway methods > wiki.overview responds without waiting for source sync 8ms
 ✓  extension-memory  extensions/memory-wiki/src/gateway.test.ts > memory-wiki gateway methods > returns explicit rebuilding dashboard availability 11ms
 ✓  extension-memory  extensions/memory-wiki/src/compile.test.ts > compileMemoryWikiVault > rejects directory index with syntax-error front… without changing its bytes 313ms
 ✓  extension-memory  extensions/memory-wiki/src/gateway.test.ts > memory-wiki gateway methods > returns explicit compile-required dashboard availability 59ms
 ✓  extension-memory  extensions/memory-wiki/src/gateway.test.ts > memory-wiki gateway methods > returns explicit failed dashboard availability 55ms
 ✓  extension-memory  extensions/memory-wiki/src/gateway.test.ts > memory-wiki gateway methods > validates required query params for wiki.search 31ms
 ✓  extension-memory  extensions/memory-wiki/src/gateway.test.ts > memory-wiki gateway methods > rejects invalid positive integer gateway param for wiki.importRuns 29ms
 ✓  extension-memory  extensions/memory-wiki/src/gateway.test.ts > memory-wiki gateway methods > rejects invalid positive integer gateway param for wiki.search 41ms
 ✓  extension-memory  extensions/memory-wiki/src/gateway.test.ts > memory-wiki gateway methods > rejects invalid positive integer gateway param for wiki.get 46ms
 ✓  extension-memory  extensions/memory-wiki/src/gateway.test.ts > memory-wiki gateway methods > rejects invalid positive integer gateway param for wiki.get 32ms
 ✓  extension-memory  extensions/memory-wiki/src/gateway.test.ts > memory-wiki gateway methods > forwards wiki.search mode and corpus options over the gateway 8ms
 ✓  extension-memory  extensions/memory-wiki/src/gateway.test.ts > memory-wiki gateway methods > passes the default agent scope to shared wiki.search gateway calls 12ms
 ✓  extension-memory  extensions/memory-wiki/src/gateway.test.ts > memory-wiki gateway methods > registers wiki.ingest with admin scope and keeps compile at write scope 5ms
 ✓  extension-memory  extensions/memory-wiki/src/gateway.test.ts > memory-wiki gateway methods > forwards ingest requests over the gateway 9ms
 ✓  extension-memory  extensions/memory-wiki/src/gateway.test.ts > memory-wiki gateway methods > rejects an invalid wiki.apply operation before source sync or mutation 8ms
 ✓  extension-memory  extensions/memory-wiki/src/gateway.test.ts > memory-wiki gateway methods > applies wiki mutations over the gateway 4ms
 ✓  extension-memory  extensions/memory-wiki/src/compile.test.ts > compileMemoryWikiVault > rejects directory index with scalar-root frontm… without changing its bytes 332ms
 ✓  extension-memory  extensions/memory-wiki/src/lint.test.ts > lintMemoryWikiVault > keeps unmarked source pages without frontmatter visible to structure lint 974ms
 ✓  extension-memory  extensions/memory-wiki/src/config.test.ts > resolveMemoryWikiConfig > returns isolated defaults 34ms
 ✓  extension-memory  extensions/memory-wiki/src/config.test.ts > resolveMemoryWikiConfig > keeps default global vaults inside the configured state directory 45ms
 ✓  extension-memory  extensions/memory-wiki/src/config.test.ts > resolveMemoryWikiConfig > keeps default agent vaults inside the configured state directory 43ms
 ✓  extension-memory  extensions/memory-wiki/src/config.test.ts > resolveMemoryWikiConfig > uses the configured state directory for schema-resolved defaults 29ms
 ✓  extension-memory  extensions/memory-wiki/src/config.test.ts > resolveMemoryWikiConfig > expands ~/ paths and preserves explicit modes 28ms
 ✓  extension-memory  extensions/memory-wiki/src/config.test.ts > resolveMemoryWikiConfig > resolves normalized agent ids to distinct vault roots 31ms
 ✓  extension-memory  extensions/memory-wiki/src/config.test.ts > resolveMemoryWikiConfig > uses the wiki root before appending the single configured agent 49ms
 ✓  extension-memory  extensions/memory-wiki/src/config.test.ts > resolveMemoryWikiConfig > fails closed when a multi-agent scoped vault has no agent context 11ms
 ✓  extension-memory  extensions/memory-wiki/src/config.test.ts > resolveMemoryWikiConfig > fails closed for unknown scoped agents 8ms
 ✓  extension-memory  extensions/memory-wiki/src/config.test.ts > resolveMemoryWikiConfig > rejects unsafe-local access for agent-scoped vaults 5ms
 ✓  extension-memory  extensions/memory-wiki/src/config.test.ts > resolveMemoryWikiConfig > rejects the global Obsidian CLI selector for agent-scoped vaults 3ms
 ✓  extension-memory  extensions/memory-wiki/src/config.test.ts > memory-wiki manifest config schema > accepts the documented config shape 12ms
 ✓  extension-memory  extensions/memory-wiki/src/config.test.ts > memory-wiki manifest config schema > rejects unsafe-local access for agent-scoped vaults 6ms
 ✓  extension-memory  extensions/memory-wiki/src/config.test.ts > memory-wiki manifest config schema > rejects the global Obsidian CLI selector for agent-scoped vaults 3ms
 ✓  extension-memory  extensions/memory-wiki/src/compile.test.ts > compileMemoryWikiVault > discovers pages in nested subdirectories during compile 1060ms
 ✓  extension-memory  extensions/memory-wiki/src/lint.test.ts > lintMemoryWikiVault > keeps malformed imported source bodies visible to structure lint 1050ms
 ✓  extension-memory  extensions/memory-wiki/src/compile.test.ts > compileMemoryWikiVault > bounds concurrent page reads and stops the queue after abort 296ms
 ✓  extension-memory  extensions/memory-wiki/src/lint.test.ts > lintMemoryWikiVault > keeps fully truncated tracked imported source pages visible to structure lint 737ms
 ✓  extension-memory  extensions/memory-wiki/src/claim-health.test.ts > buildPageContradictionClusters > clusters Unicode contradiction notes that differ only by punctuation 182ms
 ✓  extension-memory  extensions/memory-wiki/src/claim-health.test.ts > buildPageContradictionClusters > keeps combining-mark contradiction notes in separate clusters 18ms
 ✓  extension-memory  extensions/memory-wiki/src/claim-health.test.ts > assessClaimFreshness > uses the latest claim evidence timestamp without relying on page freshness 17ms
 ✓  extension-memory  extensions/memory-wiki/src/claim-health.test.ts > assessClaimFreshness > does not let a newer page timestamp make stale claim evidence fresh 13ms
 ✓  extension-memory  extensions/memory-wiki/src/claim-health.test.ts > assessClaimFreshness > falls back to page freshness when claim and evidence timestamps are absent 11ms
 ✓  extension-memory  extensions/memory-wiki/src/claim-health.test.ts > assessClaimFreshness > keeps malformed claim timestamps unknown instead of using page freshness 19ms
 ✓  extension-memory  extensions/memory-wiki/src/claim-health.test.ts > wiki freshness boundaries > classifies a timestamp 29 days old as fresh 13ms
 ✓  extension-memory  extensions/memory-wiki/src/claim-health.test.ts > wiki freshness boundaries > classifies a timestamp 30 days old as aging 3ms
 ✓  extension-memory  extensions/memory-wiki/src/claim-health.test.ts > wiki freshness boundaries > classifies a timestamp 89 days old as aging 3ms
 ✓  extension-memory  extensions/memory-wiki/src/claim-health.test.ts > wiki freshness boundaries > classifies a timestamp 90 days old as stale 3ms
 ✓  extension-memory  extensions/memory-wiki/src/claim-health.test.ts > wiki freshness boundaries > classifies a timestamp -1 days old as fresh 3ms
 ✓  extension-memory  extensions/memory-wiki/src/compile.test.ts > compileMemoryWikiVault > renders obsidian-friendly links when configured 852ms
 ✓  extension-memory  extensions/memory-wiki/src/lint.test.ts > lintMemoryWikiVault > keeps generated source pages with missing frontmatter visible to structure lint 1119ms
 ✓  extension-memory  extensions/memory-wiki/src/compile.test.ts > compileMemoryWikiVault > writes related blocks from source ids and shared sources 925ms
 ✓  extension-memory  extensions/memory-wiki/src/lint.test.ts > lintMemoryWikiVault > resolves title, slug, fragment, and imported source-path wikilinks 720ms
 ✓  extension-memory  extensions/memory-wiki/src/compile.test.ts > compileMemoryWikiVault > does not rewrite empty source pages into related-only stubs 534ms
 ✓  extension-memory  extensions/memory-wiki/src/lint.test.ts > lintMemoryWikiVault > keeps path target matching case-sensitive 923ms
 ✓  extension-memory  extensions/memory-wiki/src/lint.test.ts > lintMemoryWikiVault > preserves question marks in Obsidian title and slug wikilinks 837ms
 ✓  extension-memory  extensions/memory-wiki/src/compile.test.ts > compileMemoryWikiVault > does not relate every page through a broad shared source 1771ms
 ✓  extension-memory  extensions/memory-wiki/src/ingest-human-notes.test.ts > ingestMemoryWikiSource human notes > preserves user notes when the same source is re-ingested 1394ms
 ✓  extension-memory  extensions/memory-wiki/src/ingest.test.ts > ingestMemoryWikiSource > copies a local text file into sources markdown 1245ms
 ✓  extension-memory  extensions/memory-wiki/src/compile.test.ts > compileMemoryWikiVault > writes dashboard report pages when createDashboards is enabled 1151ms
 ✓  extension-memory  extensions/memory-wiki/src/lint.test.ts > lintMemoryWikiVault > detects duplicate ids, provenance gaps, contradictions, and open questions 1233ms
 ✓  extension-memory  extensions/memory-wiki/src/ingest-human-notes.test.ts > ingestMemoryWikiSource human notes > preserves the source page when handwritten Notes are missing the closing marker 881ms
 ✓  extension-memory  extensions/memory-wiki/src/lint.test.ts > lintMemoryWikiVault > reports unparsable frontmatter as a lint issue instead of failing the whole vault (#96125) 924ms
 ✓  extension-memory  extensions/memory-wiki/src/compile.test.ts > compileMemoryWikiVault > excludes concept and synthesis pages from stale-pages report 1048ms
 ✓  extension-memory  extensions/memory-wiki/src/ingest.test.ts > ingestMemoryWikiSource > ingests a source with many backtick runs without losing its content 1197ms
 ✓  extension-memory  extensions/memory-wiki/src/ingest-human-notes.test.ts > ingestMemoryWikiSource human notes > preserves the source page when handwritten Notes are missing the opening marker 1049ms
 ✓  extension-memory  extensions/memory-wiki/src/cli.agent-scope.test.ts > memory-wiki agent-scoped cli > accepts command-local --agent for wiki status 118ms
 ✓  extension-memory  extensions/memory-wiki/src/cli.agent-scope.test.ts > memory-wiki agent-scoped cli > accepts command-local --agent for wiki doctor 46ms
 ✓  extension-memory  extensions/memory-wiki/src/apply.test.ts > applyMemoryWikiMutation > normalizes string confidence in wiki mutations 10ms
 ✓  extension-memory  extensions/memory-wiki/src/apply.test.ts > applyMemoryWikiMutation > normalizes CLI-style wiki mutation operation aliases 2ms
 ✓  extension-memory  extensions/memory-wiki/src/apply.test.ts > applyMemoryWikiMutation > rejects out-of-range string confidence in wiki mutations 2ms
 ✓  extension-memory  extensions/memory-wiki/src/cli.agent-scope.test.ts > memory-wiki agent-scoped cli > accepts command-local --agent for wiki init 11ms
 ✓  extension-memory  extensions/memory-wiki/src/cli.agent-scope.test.ts > memory-wiki agent-scoped cli > accepts command-local --agent for wiki compile 3ms
 ✓  extension-memory  extensions/memory-wiki/src/cli.agent-scope.test.ts > memory-wiki agent-scoped cli > accepts command-local --agent for wiki lint 3ms
 ✓  extension-memory  extensions/memory-wiki/src/cli.agent-scope.test.ts > memory-wiki agent-scoped cli > accepts command-local --agent for wiki ingest 2ms
 ✓  extension-memory  extensions/memory-wiki/src/cli.agent-scope.test.ts > memory-wiki agent-scoped cli > accepts command-local --agent for wiki okf import 2ms
 ✓  extension-memory  extensions/memory-wiki/src/cli.agent-scope.test.ts > memory-wiki agent-scoped cli > accepts command-local --agent for wiki search 2ms
 ✓  extension-memory  extensions/memory-wiki/src/cli.agent-scope.test.ts > memory-wiki agent-scoped cli > accepts command-local --agent for wiki get 2ms
 ✓  extension-memory  extensions/memory-wiki/src/cli.agent-scope.test.ts > memory-wiki agent-scoped cli > accepts command-local --agent for wiki apply synthesis 3ms
 ✓  extension-memory  extensions/memory-wiki/src/cli.agent-scope.test.ts > memory-wiki agent-scoped cli > accepts command-local --agent for wiki apply metadata 1ms
 ✓  extension-memory  extensions/memory-wiki/src/cli.agent-scope.test.ts > memory-wiki agent-scoped cli > accepts command-local --agent for wiki bridge import 2ms
 ✓  extension-memory  extensions/memory-wiki/src/cli.agent-scope.test.ts > memory-wiki agent-scoped cli > accepts command-local --agent for wiki chatgpt import 2ms
 ✓  extension-memory  extensions/memory-wiki/src/cli.agent-scope.test.ts > memory-wiki agent-scoped cli > accepts command-local --agent for wiki chatgpt rollback 2ms
 ✓  extension-memory  extensions/memory-wiki/src/cli.agent-scope.test.ts > memory-wiki agent-scoped cli > uses the sole configured agent for nested wiki commands 2ms
 ✓  extension-memory  extensions/memory-wiki/src/cli.agent-scope.test.ts > memory-wiki agent-scoped cli > keeps global-vault search scoped to the explicitly selected agent 2ms
 ✓  extension-memory  extensions/memory-wiki/src/cli.agent-scope.test.ts > memory-wiki agent-scoped cli > gives actionable agent-selection guidance for a empty roster 2ms
 ✓  extension-memory  extensions/memory-wiki/src/cli.agent-scope.test.ts > memory-wiki agent-scoped cli > gives actionable agent-selection guidance for a multi-agent roster 2ms
 ✓  extension-memory  extensions/memory-wiki/index.test.ts > memory-wiki plugin > registers prompt supplement, gateway methods, tools, and wiki cli surface 24ms
 ✓  extension-memory  extensions/memory-wiki/index.test.ts > memory-wiki plugin > registers default-vault tools inside the configured state directory 6ms
 ✓  extension-memory  extensions/memory-wiki/index.test.ts > memory-wiki plugin > resolves every tool factory from keyed agent entries 56ms
 ✓  extension-memory  extensions/memory-wiki/src/tool.test.ts > memory-wiki tools > accepts CLI-style operation aliases in wiki_apply schema 16ms
 ✓  extension-memory  extensions/memory-wiki/src/tool.test.ts > memory-wiki tools > allows provenance metadata in wiki_apply claim evidence 3ms
 ✓  extension-memory  extensions/memory-wiki/index.test.ts > memory-wiki plugin > forwards protected recall authorization to wiki search and get 5ms
 ✓  extension-memory  extensions/memory-wiki/index.test.ts > memory-wiki plugin > activates an initialized legacy vault before an external compile 109ms
 ✓  extension-memory  extensions/memory-wiki/index.test.ts > memory-wiki plugin > closes the query reader worker when the plugin service stops 30ms
 ✓  extension-memory  extensions/memory-wiki/index.test.ts > memory-wiki plugin > fences cache publication when the plugin service stops 73ms
 ✓  extension-memory  extensions/memory-wiki/index.test.ts > memory-wiki plugin > closes queued wiki.importInsights source sync before it can activate a vault 76ms
 ✓  extension-memory  extensions/memory-wiki/src/compile.test.ts > compileMemoryWikiVault > skips dashboard report pages when createDashboards is disabled 859ms
 ✓  extension-memory  extensions/memory-wiki/index.test.ts > memory-wiki plugin > closes queued wiki.compile source sync before it can activate a vault 83ms
 ✓  extension-memory  extensions/memory-wiki/index.test.ts > memory-wiki plugin > clears active owners before a fallible lifecycle identity refresh 190ms
 ✓  extension-memory  extensions/memory-wiki/src/tool.test.ts > memory-wiki tools > rejects non-object wiki_apply arguments without throwing a TypeError 579ms
 ✓  extension-memory  extensions/memory-wiki/src/query.test.ts > getMemoryWikiPage > enforces visibility for all current session storage layouts 493ms
 ✓  extension-memory  extensions/memory-wiki/src/lint.test.ts > lintMemoryWikiVault > keeps the previous lint report when atomic publication fails 1538ms
 ✓  extension-memory  extensions/memory-wiki/src/ingest.test.ts > ingestMemoryWikiSource > queues behind a held vault mutation instead of writing mid-transaction 1499ms
 ✓  extension-memory  extensions/memory-wiki/src/tool.test.ts > memory-wiki tools > keeps wiki pages unchanged for unknown operation update 606ms
 ✓  extension-memory  extensions/memory-wiki/src/ingest-human-notes.test.ts > ingestMemoryWikiSource human notes > preserves the source page when handwritten Notes are missing the opening and closing marker 1689ms
 ✓  extension-memory  extensions/memory-wiki/src/query.reads.test.ts > wiki query page reads > searches by phrase, tokens and link text and reads by path, basename and id (compiled=false) 1676ms
 ✓  extension-memory  extensions/memory-wiki/src/apply.test.ts > applyMemoryWikiMutation > creates synthesis pages with managed summary blocks and refreshed indexes 1871ms
 ✓  extension-memory  extensions/memory-wiki/src/compile.test.ts > compileMemoryWikiVault > writes agent directory, relationship, provenance, and privacy reports 1578ms
 ✓  extension-memory  extensions/memory-wiki/src/cli.test.ts > memory-wiki cli > registers apply synthesis and writes a synthesis page 2260ms
 ✓  extension-memory  extensions/memory-wiki/src/lint.test.ts > lintMemoryWikiVault > rejects a malformed lint report without changing its bytes (syntax-error) 1463ms
 ✓  extension-memory  extensions/memory-wiki/src/cli.test.ts > memory-wiki cli > keeps the parent --agent spelling compatible 343ms
 ✓  extension-memory  extensions/memory-wiki/src/cli.test.ts > memory-wiki cli > forwards --agent through every bridge Gateway call 4ms
 ✓  extension-memory  extensions/memory-wiki/src/wiki-notes-read-retry.test.ts > memory-wiki existing-page read retry > preserves ingest notes after a transient existing-page read failure 2614ms
 ✓  extension-memory  extensions/memory-wiki/src/query.test.ts > searchMemoryWiki > skips malformed pages while searching the rest of the vault (#96125) 1828ms
 ✓  extension-memory  extensions/memory-wiki/src/query-reader.test.ts > memory wiki query reader > returns the same results through the worker as an in-thread whole-vault read (compiled=false) 2853ms
 ✓  extension-memory  extensions/memory-wiki/src/wiki-notes-read-retry.test.ts > memory-wiki existing-page read retry > preserves imported notes after a transient existing-page read failure 303ms
 ✓  extension-memory  extensions/memory-wiki/src/cli.agent-scope.test.ts > memory-wiki agent-scoped cli > runs wiki doctor against explicitly selected agent-scoped vaults 2916ms
 ✓  extension-memory  extensions/memory-wiki/src/cli.agent-scope.test.ts > memory-wiki agent-scoped cli > does not require an agent to probe Obsidian CLI availability 2ms
 ✓  extension-memory  extensions/memory-wiki/src/wiki-notes-read-retry.test.ts > memory-wiki existing-page read retry > leaves imported source pages unchanged after a persistent existing-page read failure 238ms
 ✓  extension-memory  extensions/memory-wiki/src/query.test.ts > searchMemoryWiki > uses the default search limit for non-finite maxResults 551ms
 ✓  extension-memory  extensions/memory-wiki/src/mutation-coordinator.test.ts > withMemoryWikiVaultMutation > serializes mutations for one vault and permits nested work 26ms
 ✓  extension-memory  extensions/memory-wiki/src/mutation-coordinator.test.ts > withMemoryWikiVaultMutation > allows distinct agent vaults to mutate in parallel 6ms
 ✓  extension-memory  extensions/memory-wiki/src/query.test.ts > searchMemoryWiki > does not match generated related blocks during wiki search 587ms
 ✓  extension-memory  extensions/memory-wiki/src/mutation-coordinator.test.ts > withMemoryWikiVaultMutation > serializes physical aliases of one vault 119ms
 ✓  extension-memory  extensions/memory-wiki/src/query.reads.test.ts > wiki query page reads > searches by phrase, tokens and link text and reads by path, basename and id (compiled=true) 2260ms
 ✓  extension-memory  extensions/memory-wiki/src/apply.test.ts > applyMemoryWikiMutation > applies a write when an unrelated vault page has malformed frontmatter (#96125) 1982ms
 ✓  extension-memory  extensions/memory-wiki/src/mutation-coordinator.test.ts > withMemoryWikiVaultMutation > queues detached work after its inherited transaction has ended 61ms
 ✓  extension-memory  extensions/memory-wiki/src/okf.test.ts > importMemoryWikiOkfBundle > imports OKF concept documents as searchable wiki concept pages 4265ms
 ✓  extension-memory  extensions/memory-wiki/src/ingest-human-notes.test.ts > ingestMemoryWikiSource human notes > preserves notes without corrupting source content that contains human markers 2750ms
 ✓  extension-memory  extensions/memory-wiki/src/query.test.ts > searchMemoryWiki > filters standalone structural markers from matching, snippets, and ranking 546ms
 ✓  extension-memory  extensions/memory-wiki/src/apply.test.ts > applyMemoryWikiMutation > rejects a malformed write target without replacing its metadata (syntax-error) (#96125) 533ms
 ✓  extension-memory  extensions/memory-wiki/src/lint.test.ts > lintMemoryWikiVault > rejects a malformed lint report without changing its bytes (sequence-root) 1910ms
 ✓  extension-memory  extensions/memory-wiki/src/query.reads.test.ts > wiki query page reads > reads sources/alpha.md beside a malformed sibling page 607ms
 ✓  extension-memory  extensions/memory-wiki/src/compile.test.ts > compileMemoryWikiVault > ignores generated related links when computing backlinks on repeated compile 2476ms
 ✓  extension-memory  extensions/memory-wiki/src/query.test.ts > searchMemoryWiki > keeps managed-block content and inline marker prose searchable 473ms
 ✓  extension-memory  extensions/memory-wiki/src/apply.test.ts > applyMemoryWikiMutation > rejects a malformed write target without replacing its metadata (sequence-root) (#96125) 498ms
 ✓  extension-memory  extensions/memory-wiki/src/tool.test.ts > memory-wiki tools > applies supported metadata operation update_metadata 3615ms
 ✓  extension-memory  extensions/memory-wiki/src/query.reads.test.ts > wiki query page reads > reads   sources\nested\alpha.md   beside a malformed sibling page 673ms
 ✓  extension-memory  extensions/memory-wiki/src/wiki-overview.test.ts > compiled wiki overview > groups wiki pages by kind and surfaces claims, questions, and contradictions 1539ms
 ✓  extension-memory  extensions/memory-wiki/src/query.test.ts > searchMemoryWiki > matches pages when all query terms appear without an exact phrase 547ms
 ✓  extension-memory  extensions/memory-wiki/src/import-runs.test.ts > memory-wiki import runs > lists import runs from plugin state 105ms
 ✓  extension-memory  extensions/memory-wiki/src/wiki-notes-read-retry.test.ts > memory-wiki existing-page read retry > updates ingested source pages when the existing page stays missing across retry 2627ms
 ✓  extension-memory  extensions/memory-wiki/src/query.test.ts > searchMemoryWiki > matches non-ASCII query terms without an exact phrase 623ms
 ✓  extension-memory  extensions/memory-wiki/src/obsidian.discovery.test.ts > Obsidian CLI filesystem discovery > continues past a directory to a later executable on PATH 282ms
 ✓  extension-memory  extensions/memory-wiki/src/compile.test.ts > compileMemoryWikiVault > retries transient page reads during compile 1690ms
 ✓  extension-memory  extensions/memory-wiki/src/query.reads.test.ts > wiki query page reads > keeps exact, basename and ID reads equivalent for a large page 1202ms
 ✓  extension-memory  extensions/memory-wiki/src/okf.test.ts > importMemoryWikiOkfBundle > prunes repository metadata and dependency subtrees 2161ms
 ✓  extension-memory  extensions/memory-wiki/src/obsidian.discovery.test.ts > Obsidian CLI filesystem discovery > preserves PATH precedence for actual files 342ms
 ✓  extension-memory  extensions/memory-wiki/src/obsidian.discovery.test.ts > Obsidian CLI filesystem discovery > reports an empty PATH as unavailable 8ms
 ✓  extension-memory  extensions/memory-wiki/src/obsidian.discovery.test.ts > Obsidian CLI filesystem discovery > skips a non-executable file 60ms
 ✓  extension-memory  extensions/memory-wiki/src/cli.test.ts > memory-wiki cli > registers OKF import and searches imported concepts 3960ms
 ✓  extension-memory  extensions/memory-wiki/src/cli.test.ts > memory-wiki cli > rejects apply confidence values outside the documented range 4ms
 ✓  extension-memory  extensions/memory-wiki/src/cli.test.ts > memory-wiki cli > rejects non-decimal wiki search and get numeric options before dispatch 3ms
 ✓  extension-memory  extensions/memory-wiki/src/obsidian.discovery.test.ts > Obsidian CLI filesystem discovery > retains symlinks to executable regular files 160ms
 ✓  extension-memory  extensions/memory-wiki/src/obsidian.discovery.test.ts > Obsidian CLI filesystem discovery > skips symlinks to directories 119ms
 ✓  extension-memory  extensions/memory-wiki/src/obsidian.discovery.test.ts > Obsidian CLI filesystem discovery > skips dangling symlinks 29ms
 ↓  extension-memory  extensions/memory-wiki/src/obsidian.discovery.test.ts > Obsidian CLI filesystem discovery > preserves PATHEXT precedence
 ✓  extension-memory  extensions/memory-wiki/src/query.reads.test.ts > wiki query page reads > keeps exact, basename and ID reads equivalent for a hardlinked page 708ms
 ✓  extension-memory  extensions/memory-wiki/src/corpus-supplement.visibility.test.ts > memory-wiki corpus supplement visibility > enforces bridge ownership through direct and registered corpus fallbacks 4200ms
 ✓  extension-memory  extensions/memory-wiki/src/ingest-human-notes.test.ts > ingestMemoryWikiSource human notes > preserves CRLF notes without copying marker comments from existing source content 2914ms
 ✓  extension-memory  extensions/memory-wiki/src/tool.test.ts > memory-wiki tools > applies supported metadata operation metadata 2488ms
 ✓  extension-memory  extensions/memory-wiki/src/wiki-notes-read-retry.test.ts > memory-wiki existing-page read retry > leaves ingested source pages unchanged after a persistent existing-page read failure 2074ms
 ✓  extension-memory  extensions/memory-wiki/src/cli.test.ts > memory-wiki cli > accepts signed and zero-padded wiki get line options 1420ms
 ✓  extension-memory  extensions/memory-wiki/src/tool.test.ts > memory-wiki tools > keeps wiki pages unchanged for out-of-range claim confidence -0.5 693ms
 ✓  extension-memory  extensions/memory-wiki/src/query-reader.test.ts > memory wiki query reader > returns the same results through the worker as an in-thread whole-vault read (compiled=true) 5315ms
 ✓  extension-memory  extensions/memory-wiki/src/apply.test.ts > applyMemoryWikiMutation > updates page metadata without overwriting existing human notes 3310ms
 ✓  extension-memory  extensions/memory-wiki/src/query.test.ts > searchMemoryWiki > supports people-routing search modes and claim evidence drilldown metadata 2311ms
 ✓  extension-memory  extensions/memory-wiki/src/vault-page-write.test.ts > writeGuardedVaultPage > recovers from a transient concurrent-rewrite path-mismatch by retrying 186ms
 ✓  extension-memory  extensions/memory-wiki/src/vault-page-write.test.ts > writeGuardedVaultPage > rethrows a labeled error when the path-mismatch persists across attempts 82ms
 ✓  extension-memory  extensions/memory-wiki/src/vault-page-write.test.ts > writeGuardedVaultPage > does not retry persistent non-race guard failures and keeps fatal wording 2ms
 ✓  extension-memory  extensions/memory-wiki/src/vault-page-write.test.ts > writeGuardedVaultPage > maps symlink and path-alias swaps to the symlink wording without retrying 1ms
 ✓  extension-memory  extensions/memory-wiki/src/tool.test.ts > memory-wiki tools > keeps wiki pages unchanged for out-of-range claim confidence 999 533ms
 ✓  extension-memory  extensions/memory-wiki/src/okf.test.ts > importMemoryWikiOkfBundle > caps generated concept filenames for long OKF concept paths 2599ms
 ✓  extension-memory  extensions/memory-wiki/src/vault.test.ts > initializeMemoryWikiVault > creates the wiki layout and seed files 716ms
 ✓  extension-memory  extensions/memory-wiki/src/query.reads.test.ts > wiki query page reads > preserves compiled claim precedence over a matching canonical page path 2058ms
 ✓  extension-memory  extensions/memory-wiki/cli-metadata.test.ts > memory-wiki cli metadata entry > uses the registrar context config instead of reloading global config 109ms
 ✓  extension-memory  extensions/memory-wiki/src/vault.test.ts > initializeMemoryWikiVault > is idempotent when the vault already exists 453ms
 ✓  extension-memory  extensions/memory-wiki/src/ingest-human-notes.test.ts > ingestMemoryWikiSource human notes > preserves the whole note when the note text itself contains a marker comment 2407ms
 ✓  extension-memory  extensions/memory-wiki/src/query.test.ts > searchMemoryWiki > keeps route-question relationship matches in compiled digest prefilter 1413ms
 ✓  extension-memory  extensions/memory-wiki/src/vault.test.ts > initializeMemoryWikiVault > reactivates an existing vault without recreating scaffold or rewriting source pages 541ms
 ✓  extension-memory  extensions/memory-wiki/src/wiki-notes-read-retry.test.ts > memory-wiki existing-page read retry > preserves synthesis notes and frontmatter after a transient existing-page read failure 2174ms
 ✓  extension-memory  extensions/memory-wiki/src/agent-vault-isolation.test.ts > agent-scoped memory-wiki tools > keeps apply, search, and get behavior isolated by configured agent 7085ms
 ✓  extension-memory  extensions/memory-wiki/src/query.test.ts > searchMemoryWiki > uses body text instead of frontmatter for an… for snippets 529ms
 ✓  extension-memory  extensions/memory-wiki/src/cli.test.ts > memory-wiki cli > registers apply metadata and preserves the page body 2220ms
 ✓  extension-memory  extensions/memory-wiki/src/query.test.ts > searchMemoryWiki > uses the first line with the most partial to… for snippets 500ms
 ✓  extension-memory  extensions/memory-wiki/src/query.reads.test.ts > wiki query page reads > skips a compiled candidate replaced by deleted state 1812ms
 ✓  extension-memory  extensions/memory-wiki/src/query.test.ts > searchMemoryWiki > uses the first all-token line before partial… for snippets 385ms
 ✓  extension-memory  extensions/memory-wiki/src/obsidian.test.ts > runObsidianAction > builds the official search argv and bounds the request 79ms
 ✓  extension-memory  extensions/memory-wiki/src/tool.test.ts > memory-wiki tools > returns tool-safe relative report paths from wiki_lint 2594ms
 ✓  extension-memory  extensions/memory-wiki/src/obsidian.test.ts > runObsidianAction > builds the official open argv and bounds the request 33ms
 ✓  extension-memory  extensions/memory-wiki/src/obsidian.test.ts > runObsidianAction > builds the official command argv and bounds the request 35ms
 ✓  extension-memory  extensions/memory-wiki/src/obsidian.test.ts > runObsidianAction > builds the official daily argv and bounds the request 49ms
 ✓  extension-memory  extensions/memory-wiki/src/obsidian.test.ts > Obsidian CLI availability > fails cleanly when the obsidian cli is not installed 63ms
 ✓  extension-memory  extensions/memory-wiki/src/query-reader.test.ts > memory wiki query reader > backfills underfilled digest candidates from the rest of the vault 3294ms
 ✓  extension-memory  extensions/memory-wiki/src/query.test.ts > searchMemoryWiki > uses body text when the query has no searcha… for snippets 387ms
 ✓  extension-memory  extensions/memory-wiki/src/cli.test.ts > memory-wiki cli > runs wiki doctor and sets a non-zero exit code when warnings exist 1261ms
 ✓  extension-memory  extensions/memory-wiki/src/apply.test.ts > applyMemoryWikiMutation > preserves disjoint metadata updates from concurrent agent turns 3386ms
 ✓  extension-memory  extensions/memory-wiki/src/wiki-notes-read-retry.test.ts > memory-wiki existing-page read retry > does not treat a path-alias policy failure as a missing synthesis page 1587ms
 ✓  extension-memory  extensions/memory-wiki/src/okf.test.ts > importMemoryWikiOkfBundle > namespaces concept pages by bundle so repeated OKF paths do not overwrite 2689ms
 ✓  extension-memory  extensions/memory-wiki/src/query.test.ts > searchMemoryWiki > bounds oversized body lines before search results reach model context 388ms
 ✓  extension-memory  extensions/memory-wiki/src/cli.test.ts > memory-wiki cli > routes active bridge status and doctor through the gateway 361ms
 ✓  extension-memory  extensions/memory-wiki/src/ingest-human-notes.test.ts > ingestMemoryWikiSource human notes > preserves the note when the note text contains a Markdown heading 2478ms
 ✓  extension-memory  extensions/memory-wiki/src/cli.test.ts > memory-wiki cli > sanitizes gateway status text output without changing JSON output 343ms
 ✓  extension-memory  extensions/memory-wiki/src/query.test.ts > searchMemoryWiki > bounds oversized structured claims before search results reach model context 355ms
 ✓  extension-memory  extensions/memory-wiki/src/query.reads.test.ts > wiki query page reads > skips a compiled candidate replaced by directory state 1546ms
 ✓  extension-memory  extensions/memory-wiki/src/cli.test.ts > memory-wiki cli > rejects malformed gateway responses before rendering 347ms
 ✓  extension-memory  extensions/memory-wiki/src/query.test.ts > searchMemoryWiki > bounds UTF-16 surrogate pairs at the snippet b… before search results reach model context 372ms
 ✓  extension-memory  extensions/memory-wiki/src/cli.test.ts > memory-wiki cli > rejects oversized gateway strings before rendering 411ms
 ✓  extension-memory  extensions/memory-wiki/src/bounded-walk.test.ts > walkMemoryWikiDirectory > fails instead of truncating at the entry budget 221ms
 ✓  extension-memory  extensions/memory-wiki/src/bounded-walk.test.ts > walkMemoryWikiDirectory > treats a missing optional directory as empty 10ms
 ✓  extension-memory  extensions/memory-wiki/src/query.test.ts > searchMemoryWiki > ranks fresh supported claims ahead of stale contested claims 393ms
 ✓  extension-memory  extensions/memory-wiki/src/query.reads.test.ts > wiki query page reads > retains ID fallback when the canonical candidate is absent 522ms
 ✓  extension-memory  extensions/memory-wiki/src/bounded-walk.test.ts > walkMemoryWikiDirectory > prunes ignored subtrees before their descendants consume the budget 101ms
 ✓  extension-memory  extensions/memory-wiki/src/bounded-walk.test.ts > walkMemoryWikiDirectory > reports directory failures when partial scans are requested 88ms
 ✓  extension-memory  extensions/memory-wiki/src/wiki-notes-read-retry.test.ts > memory-wiki existing-page read retry > preserves chatgpt conversation notes after a transient existing-page read failure 1674ms
 ✓  extension-memory  extensions/memory-wiki/src/corpus-supplement.test.ts > memory-wiki corpus supplement > resolves search and get from each invocation's agent context 7ms
 ✓  extension-memory  extensions/memory-wiki/src/corpus-supplement.test.ts > memory-wiki corpus supplement > fails closed before querying when multi-agent context is missing 3ms
 ✓  extension-memory  extensions/memory-wiki/src/cli.test.ts > memory-wiki cli > truncates gateway status text output without splitting surrogate pairs 317ms
 ✓  extension-memory  extensions/memory-wiki/src/time.test.ts > resolveMemoryWikiTimestamp > falls back when injected timestamps are outside Date range 80ms
 ✓  extension-memory  extensions/memory-wiki/src/query.test.ts > searchMemoryWiki > surfaces bridge provenance for imported source pages 334ms
 ✓  extension-memory  extensions/memory-wiki/src/query.reads.test.ts > wiki query page reads > retains ID fallback when the canonical candidate is invalid 394ms
 ✓  extension-memory  extensions/memory-wiki/src/query.test.ts > searchMemoryWiki > reports a contract error when the shared manager lacks search() 331ms
 ✓  extension-memory  extensions/memory-wiki/src/query.reads.test.ts > wiki query page reads > retains ID fallback when the canonical candidate is directory 313ms
 ✓  extension-memory  extensions/memory-wiki/src/okf.test.ts > importMemoryWikiOkfBundle > removes stale concept pages when an OKF bundle drops a concept 2090ms
 ✓  extension-memory  extensions/memory-wiki/src/query-reader.test.ts > memory wiki query reader > reads only compiled metadata candidates for distributed query tokens 2454ms
 ✓  extension-memory  extensions/memory-wiki/src/chatgpt-import-labels.test.ts > keeps imported label ordering and exclusive work topics across overlapping signals 477ms
 ✓  extension-memory  extensions/memory-wiki/src/query.test.ts > searchMemoryWiki > includes memory results and backfills wiki capacity for all-corpus search 342ms
 ✓  extension-memory  extensions/memory-wiki/src/query.test.ts > searchMemoryWiki > filters session memory hits outside the caller visibility policy 286ms
 ✓  extension-memory  extensions/memory-wiki/src/wiki-notes-read-retry.test.ts > memory-wiki existing-page read retry > preserves chatgpt conversation notes containing replacement-pattern dollar sequences 1091ms
 ✓  extension-memory  extensions/memory-wiki/src/query.reads.test.ts > wiki query page reads > rejects a compiled or exact page swapped outside the vault during exact reads 679ms
 ✓  extension-memory  extensions/memory-wiki/src/query-reader.test.ts > memory wiki query reader > dispatches exact reads as single-page tasks and basename reads as whole-vault lookups 552ms
 ✓  extension-memory  extensions/memory-wiki/src/cli.test.ts > memory-wiki cli > routes active bridge imports through the gateway and keeps disabled bridge imports local 1176ms
 ✓  extension-memory  extensions/memory-wiki/src/query.test.ts > searchMemoryWiki > filters session memory hits for session-bound non-sandboxed callers 202ms
 ✓  extension-memory  extensions/memory-wiki/src/query.test.ts > searchMemoryWiki > keeps protected session recall inside its trusted corpus (wiki/undefined) 279ms
 ✓  extension-memory  extensions/memory-wiki/src/query.abort.test.ts > stops parsing vault pages after cancellation during a scan 511ms
 ✓  extension-memory  extensions/memory-wiki/src/query.test.ts > searchMemoryWiki > keeps protected session recall inside its trusted corpus (all/wiki) 242ms
 ✓  extension-memory  extensions/memory-wiki/src/tool.deadline.test.ts > wiki_search cancellation > rejects stalled search and cancels its work on deadline 6ms
 ✓  extension-memory  extensions/memory-wiki/src/tool.deadline.test.ts > wiki_search cancellation > rejects stalled search and cancels its work on caller 2ms
 ✓  extension-memory  extensions/memory-wiki/src/tool.deadline.test.ts > wiki_search cancellation > rejects stalled search and cancels its work on lifecycle 1ms
 ✓  extension-memory  extensions/memory-wiki/src/okf.test.ts > importMemoryWikiOkfBundle > does not prune existing pages when current OKF scan has invalid concepts 1263ms
 ✓  extension-memory  extensions/memory-wiki/src/query-reader.test.ts > memory wiki query reader > reads query pages without extracting the link graph 630ms
 ✓  extension-memory  extensions/memory-wiki/src/query.abort.test.ts > rejects a whole-vault search aborted after its read was dispatched to the pool 470ms
 ✓  extension-memory  extensions/memory-wiki/src/query.test.ts > searchMemoryWiki > keeps context-free shared searches and reads inside the default agent 270ms
 ✓  extension-memory  extensions/memory-wiki/src/wiki-notes-read-retry.test.ts > memory-wiki existing-page read retry > leaves a ChatGPT page unchanged after a persistent existing-page read failure 1054ms
 ✓  extension-memory  extensions/memory-wiki/src/query.test.ts > searchMemoryWiki > discovers pages in nested subdirectories 225ms
 ✓  extension-memory  extensions/memory-wiki/src/query-reader.test.ts > memory wiki query reader > applies the serialized sandbox scope inside the worker 447ms
 ✓  extension-memory  extensions/memory-wiki/src/query.reads.test.ts > wiki query page reads > rejects a compiled or exact page swapped outside the vault during search reads 1248ms
 ✓  extension-memory  extensions/memory-wiki/src/query.test.ts > searchMemoryWiki > requires appConfig for session-bound shared memory searches 175ms
 ✓  extension-memory  extensions/memory-wiki/src/cli.test.ts > memory-wiki cli > imports ChatGPT exports with dry-run, apply, and rollback 1201ms
 ✓  extension-memory  extensions/memory-wiki/src/query.reads.test.ts > wiki query page reads > never parses whole-vault pages on the calling thread (#166304) 209ms
 ✓  extension-memory  extensions/memory-wiki/src/query.test.ts > searchMemoryWiki > uses the active session agent for shared memory search 166ms
 ✓  extension-memory  extensions/memory-wiki/src/reserved-index-collision.repro.test.ts > reserved index.md filename collision (repro) > create_synthesis titled Index stays retrievable 1602ms
 ✓  extension-memory  extensions/memory-wiki/src/okf.test.ts > importMemoryWikiOkfBundle > detects body-only changes on timestamp-shaped markdown lines 961ms
 ✓  extension-memory  extensions/memory-wiki/src/query.test.ts > searchMemoryWiki > allows per-call corpus overrides without changing config defaults 170ms
 ✓  extension-memory  extensions/memory-wiki/src/query-reader.test.ts > memory wiki query reader > rejects a page swapped outside the vault between listing and reading 628ms
 ✓  extension-memory  extensions/memory-wiki/src/query.test.ts > searchMemoryWiki > keeps memory search disabled when the backend is local 186ms
 ✓  extension-memory  extensions/memory-wiki/src/query.test.ts > getMemoryWikiPage > reads wiki pages by relative path and slices line ranges 199ms
 ✓  extension-memory  extensions/memory-wiki/src/reserved-index-collision.repro.test.ts > reserved index.md filename collision (repro) > ingest of a file titled Index stays retrievable 736ms
 ✓  extension-memory  extensions/memory-wiki/src/reserved-index-collision.repro.test.ts > reserved index.md filename collision (repro) > disambiguates the compiler-owned index stem but leaves shared slug output stable 2ms
 ✓  extension-memory  extensions/memory-wiki/src/cli.test.ts > memory-wiki cli > preserves a user save after compile before the import run record is written 868ms
 ✓  extension-memory  extensions/memory-wiki/src/query.test.ts > getMemoryWikiPage > returns provenance for imported wiki source pages 171ms
 ✓  extension-memory  extensions/memory-wiki/src/query.test.ts > getMemoryWikiPage > falls back to active memory reads when memory corpus is selected 161ms
 ✓  extension-memory  extensions/memory-wiki/src/query-reader.test.ts > memory wiki query reader > rebuilds a worker boundary refusal as the same error on the host 587ms
 ✓  extension-memory  extensions/memory-wiki/src/okf.test.ts > importMemoryWikiOkfBundle > rewrites percent-encoded OKF markdown links and preserves suffixes 837ms
 ✓  extension-memory  extensions/memory-wiki/src/query-reader.test.ts > memory wiki query reader > rejects a read whose signal is already aborted without dispatching it 343ms
 ✓  extension-memory  extensions/memory-wiki/src/query.test.ts > getMemoryWikiPage > surfaces shared memory backend failures through the wiki_get tool 523ms
 ✓  extension-memory  extensions/memory-wiki/src/query-reader.test.ts > memory wiki query reader > rejects a read queued behind a running scan and lets the scan finish 227ms
 ✓  extension-memory  extensions/memory-wiki/src/cli.test.ts > memory-wiki cli > reports the rollback command when compilation fails after a ChatGPT import 792ms
 ✓  extension-memory  extensions/memory-wiki/src/okf.test.ts > importMemoryWikiOkfBundle > imports OKF concept frontmatter with CRLF line endings 637ms
 ✓  extension-memory  extensions/memory-wiki/src/query.test.ts > getMemoryWikiPage > reports genuinely missing shared memory files through the wiki_get tool 432ms
 ✓  extension-memory  extensions/memory-wiki/src/query-reader.test.ts > memory wiki query reader > recovers on a fresh worker after a running read is cancelled 579ms
 ✓  extension-memory  extensions/memory-wiki/src/cli.test.ts > memory-wiki cli > preserves user edits made after a re-import when rolling back an updated page 671ms
 ✓  extension-memory  extensions/memory-wiki/src/okf.test.ts > importMemoryWikiOkfBundle > refuses to write imported OKF concept pages through symlinks 533ms
 ✓  extension-memory  extensions/memory-wiki/src/query.test.ts > getMemoryWikiPage > keeps existing empty shared memory files distinct from missing files 434ms
 ✓  extension-memory  extensions/memory-wiki/src/query.test.ts > getMemoryWikiPage > reports a clean error instead of crashing for malformed wiki_get params 109ms
 ✓  extension-memory  extensions/memory-wiki/src/query.test.ts > getMemoryWikiPage > normalizes extensionless shared memory lookups before reading 129ms
 ✓  extension-memory  extensions/memory-wiki/src/okf.test.ts > importMemoryWikiOkfBundle > refuses to import OKF concept files through hardlinks 476ms
 ✓  extension-memory  extensions/memory-wiki/src/query-reader.test.ts > memory wiki query reader > recreates the reader after the plugin closes it 589ms
 ✓  extension-memory  extensions/memory-wiki/src/query.test.ts > getMemoryWikiPage > reports a contract error when the shared manager lacks readFile() 109ms
 ✓  extension-memory  extensions/memory-wiki/src/query.test.ts > getMemoryWikiPage > defaults non-finite memory line options before memory reads 53ms
 ✓  extension-memory  extensions/memory-wiki/src/query.test.ts > getMemoryWikiPage > does not expose indexed session transcripts through wiki_get 52ms
 ✓  extension-memory  extensions/memory-wiki/src/query.test.ts > getMemoryWikiPage > requires appConfig for session-bound shared memory reads 67ms
 ✓  extension-memory  extensions/memory-wiki/src/cli.test.ts > memory-wiki cli > preserves a page recreated between the rollback move-aside and the snapshot restore 597ms
 ✓  extension-memory  extensions/memory-wiki/src/query.test.ts > getMemoryWikiPage > uses the active session agent for shared memory reads 72ms
 ✓  extension-memory  extensions/memory-wiki/src/query.test.ts > getMemoryWikiPage > allows per-call get overrides to bypass wiki and force memory fallback 98ms
 ✓  extension-memory  extensions/memory-wiki/src/cli.test.ts > memory-wiki cli > imports ChatGPT exports with out-of-range Unix timestamps 352ms
 ✓  extension-memory  extensions/memory-wiki/src/query.test.ts > wiki corpus bridge page agent scoping > limits sandboxed bridge reads to pages owned by the caller 132ms
 ✓  extension-memory  extensions/memory-wiki/src/query.test.ts > wiki corpus bridge page agent scoping > preserves global bridge reads for non-sandboxed callers 63ms
 ✓  extension-memory  extensions/memory-wiki/src/query.test.ts > wiki corpus bridge page agent scoping > resolves sandboxed ownership from the session key and fails closed without it 51ms
 ✓  extension-memory  extensions/memory-wiki/src/query.test.ts > wiki corpus bridge page agent scoping > filters cross-agent bridge pages out of wiki search results 57ms
 ✓  extension-memory  extensions/memory-wiki/src/query.test.ts > keeps an explicit agent's own session hits for a sessionless library or CLI search 53ms
 ✓  extension-memory  extensions/memory-wiki/src/query.test.ts > keeps an explicit agent's own session hits for a sessionless Gateway host search 58ms
 ✓  extension-memory  extensions/memory-wiki/src/query.test.ts > keeps an explicit agent's own session hits for a sessionless Gateway operator search 62ms
 ✓  extension-memory  extensions/memory-wiki/src/query.test.ts > returns recall-granted same-agent private session hits under self visibility 70ms
 ✓  extension-memory  extensions/memory-wiki/src/query.test.ts > returns recall-granted same-agent private session hits under tree visibility 605ms
 ✓  extension-memory  extensions/memory-wiki/src/query.test.ts > keeps requester visibility for a session search without recall under self visibility 44ms
 ✓  extension-memory  extensions/memory-wiki/src/query.test.ts > keeps requester visibility for a session search without recall under tree visibility 50ms
 ✓  extension-memory  extensions/memory-wiki/src/query.test.ts > shared memory owner selection > returns legacy hits exactly as the manager produced them 46ms
 ✓  extension-memory  extensions/memory-wiki/src/query.test.ts > shared memory owner selection > resolves a reference-shaped lookup as a path for a legacy owner 44ms
 ✓  extension-memory  extensions/memory-wiki/src/query.test.ts > shared memory owner selection > keeps wiki results when the legacy manager cannot be opened 56ms
 ✓  extension-memory  extensions/memory-wiki/src/query.test.ts > shared memory owner selection > keeps wiki results when the native provider cannot be opened 60ms
 ✓  extension-memory  extensions/memory-wiki/src/query.test.ts > provider-neutral memory records > rejects search results when cleanup revokes the caller 59ms
 ✓  extension-memory  extensions/memory-wiki/src/query.test.ts > provider-neutral memory records > rejects get results when cleanup revokes the caller 58ms
 ✓  extension-memory  extensions/memory-wiki/src/query.test.ts > provider-neutral memory records > round-trips a record-only result with revision and citations without inventing a path 66ms
 ✓  extension-memory  extensions/memory-wiki/src/query.test.ts > provider-neutral memory records > releases a denied provider read without retrying it as a path 71ms
 ✓  extension-memory  extensions/memory-wiki/src/query.test.ts > provider-neutral memory records > rejects revoked caller authority after search and closes the query-bound capability 75ms
 ✓  extension-database-workers  extensions/memory-wiki/src/source-sync-state.test.ts > memory wiki source sync state > persists source sync entries in plugin state 3521ms
 ✓  extension-database-workers  extensions/memory-wiki/src/source-sync-malformed-notes.test.ts > memory wiki source sync malformed human Notes > preserves bridge pages and persisted state when the opening marker is missing 3520ms
 ✓  extension-database-workers  extensions/memory-wiki/src/chatgpt-import.test.ts > ChatGPT import rollback recovery > returns a completed rollback without initializing or mutating the vault 3135ms
 ✓  extension-database-workers  extensions/memory-wiki/src/source-sync-state.test.ts > memory wiki source sync state > persists only changed rows in a 1,914-entry state snapshot 104ms
 ✓  extension-database-workers  extensions/memory-wiki/src/source-sync-state.test.ts > memory wiki source sync state > deletes replaced rows before upserts at the store capacity 36ms
 ✓  extension-database-workers  extensions/memory-wiki/src/source-sync-state.test.ts > memory wiki source sync state > ignores retired JSON when reading current source-sync state 33ms
 ✓  extension-database-workers  extensions/memory-wiki/src/source-sync-state.test.ts > memory wiki source sync state > rejects writes beyond the source-sync state row cap 30ms
 ✓  extension-database-workers  extensions/memory-wiki/src/source-sync-state.test.ts > memory wiki source sync state > preserves previous Notes when a long source page is pruned again 36ms
 ✓  extension-database-workers  extensions/memory-wiki/src/source-sync-state.test.ts > memory wiki source sync state > keeps a replaced source page without following its symlink 57ms
 ✓  extension-database-workers  extensions/memory-wiki/src/source-sync-state.test.ts > memory wiki source sync state > salvages Notes and prunes oversized source pages with bounded reads 153ms
 ✓  extension-database-workers  extensions/memory-wiki/src/source-sync-state.test.ts > memory wiki source sync state > prunes oversized generated pages without creating empty Notes recoveries 70ms
 ✓  extension-database-workers  extensions/memory-wiki/src/source-sync-state.test.ts > memory wiki source sync state > keeps oversized human Notes rather than recovering a truncated annotation 170ms
 ✓  extension-database-workers  extensions/memory-wiki/src/source-sync-state.test.ts > memory wiki source sync state > does not mistake a fence inside oversized human Notes for the source boundary 41ms
 ✓  extension-database-workers  extensions/memory-wiki/src/source-sync-state.test.ts > memory wiki source sync state > restores malformed oversized pages after a bounded recovery scan 190ms
 ✓  extension-database-workers  extensions/memory-wiki/src/source-sync-state.test.ts > memory wiki source sync state > does not duplicate unchanged recovered Notes on repeated prunes 18ms
 ✓  extension-database-workers  extensions/memory-wiki/src/source-sync-state.test.ts > memory wiki source sync state > does not create salvage files for pages without human Notes 4ms
 ✓  extension-database-workers  extensions/memory-wiki/src/source-sync-state.test.ts > memory wiki source sync state > does not salvage generated pages with whitespace-only Notes 3ms
 ✓  extension-database-workers  extensions/memory-wiki/src/source-sync-state.test.ts > memory wiki source sync state > prunes pages even when the page file is already missing 4ms
 ✓  extension-database-workers  extensions/memory-wiki/doctor-contract-api.test.ts > memory-wiki Doctor state compatibility > declares active cache files without reviving retired JSON inventory 18ms
 ✓  extension-database-workers  extensions/memory-wiki/doctor-contract-api.test.ts > memory-wiki Doctor state compatibility > deletes rebuildable compiled cache files without importing them 27ms
 ✓  extension-database-workers  extensions/memory-wiki/doctor-contract-api.test.ts > memory-wiki Doctor state compatibility > migrates the default state-directory vault without touching the real-home vault 80ms
 ✓  extension-database-workers  extensions/memory-wiki/doctor-contract-api.test.ts > memory-wiki Doctor state compatibility > skips configured vaults that have not been initialized 41ms
 ✓  extension-database-workers  extensions/memory-wiki/doctor-contract-api.test.ts > memory-wiki Doctor state compatibility > does not follow a symlinked legacy cache directory 35ms
 ✓  extension-database-workers  extensions/memory-wiki/src/source-sync-malformed-notes.test.ts > memory wiki source sync malformed human Notes > preserves bridge pages and persisted state when the closing marker is missing 3369ms
 ✓  extension-database-workers  extensions/memory-wiki/src/chatgpt-import.test.ts > ChatGPT import rollback recovery > persists the moving phase before vault initialization 4004ms
 ✓  extension-database-workers  extensions/memory-wiki/src/source-sync-state.test.ts > memory wiki source sync state > prunes inactive state when the entire vault is already missing 3613ms
 ✓  extension-database-workers  extensions/memory-wiki/src/source-sync-state.test.ts > memory wiki source sync state > does not salvage marker comments inside source content as Notes 16ms
 ✓  extension-database-workers  extensions/memory-wiki/src/source-sync-state.test.ts > memory wiki source sync state > keeps the page when salvage write fails 4ms
 ✓  extension-database-workers  extensions/memory-wiki/src/source-sync-state.test.ts > memory wiki source sync state > keeps the page when read fails with a non-ENOENT error 18ms
 ✓  extension-database-workers  extensions/memory-wiki/src/source-sync-state.test.ts > memory wiki source sync state > rejects projected imports that would exceed the source-sync row cap 10ms
 ✓  extension-database-workers  extensions/memory-wiki/src/source-sync-malformed-notes.test.ts > memory wiki source sync malformed human Notes > preserves unsafe-local pages and persisted state when the both marker is missing 3457ms
 ✓  extension-database-workers  extensions/memory-wiki/src/source-sync-malformed-notes.test.ts > memory wiki source sync malformed human Notes > rejects pruning an oversized source page with an unclosed human Notes marker 49ms
 ✓  extension-database-workers  extensions/memory-wiki/src/chatgpt-import.test.ts > ChatGPT import rollback recovery > reconciles a crash after rename across a real SQLite reopen 3602ms
 ✓  extension-database-workers  extensions/memory-wiki/doctor-contract-api.test.ts > memory-wiki Doctor state compatibility > refuses retired source-sync JSON without reading, importing, or archiving it 6183ms
 ✓  extension-database-workers  extensions/memory-wiki/doctor-contract-api.test.ts > memory-wiki Doctor state compatibility > refuses retired import-runs JSON without reading, importing, or archiving it 2510ms
 ✓  extension-database-workers  extensions/memory-wiki/src/chatgpt-import.test.ts > ChatGPT import rollback recovery > persists 32 recovery slots before retrying and preserving the 33rd target 3333ms
 ✓  extension-database-workers  extensions/memory-wiki/src/chatgpt-import.test.ts > ChatGPT import rollback recovery > queues the whole rollback behind an active vault mutation 476ms
 ✓  extension-database-workers  extensions/memory-wiki/src/chatgpt-import.test.ts > ChatGPT import rollback recovery > preserves a created page recreated while rollback is removing it 487ms
 ✓  extension-database-workers  extensions/memory-wiki/src/chatgpt-import.test.ts > ChatGPT import rollback recovery > preserves a trailing blank-line edit on a created page 448ms
 ✓  extension-database-workers  extensions/memory-wiki/src/chatgpt-import.test.ts > ChatGPT import rollback recovery > preserves trailing spaces on an updated page before restoring its snapshot 433ms
 ✓  extension-database-workers  extensions/memory-wiki/src/chatgpt-import.test.ts > ChatGPT import rollback recovery > does not touch targets again after the persisted process-restart fence 522ms
 ✓  extension-database-workers  extensions/memory-wiki/src/chatgpt-import.test.ts > ChatGPT import rollback recovery > scans the recovery directory once for a multi-page rollback 679ms
 ✓  extension-database-workers  extensions/memory-wiki/src/chatgpt-import.test.ts > ChatGPT import rollback recovery > rejects a symlinked recovery directory without touching external files 207ms
 ✓  extension-database-workers  extensions/memory-wiki/src/chatgpt-import.test.ts > ChatGPT import rollback recovery > refuses symlink, hardlink, and directory targets without touching them 608ms
 ✓  extension-database-workers  extensions/memory-wiki/src/chatgpt-import.test.ts > ChatGPT import rollback recovery > refuses a file replaced by a directory at the move boundary 276ms
 ✓  extension-database-workers  extensions/memory-wiki/doctor-contract-api.test.ts > memory-wiki Doctor state compatibility > preserves July source rows and explains an empty canonical store without reviving JSON 4750ms
 ✓  extension-database-workers  extensions/memory-wiki/src/chatgpt-import.test.ts > ChatGPT import rollback recovery > refuses a target-parent swap at the move boundary without touching either tree 202ms
 ✓  extension-database-workers  extensions/memory-wiki/src/compiled-cache.integration.test.ts > Memory Wiki compiled cache lifecycle > reuses an existing publication when local source sync starts with an inactive owner 6784ms
 ✓  extension-database-workers  extensions/memory-wiki/src/compiled-cache.integration.test.ts > Memory Wiki compiled cache lifecycle > reuses an active compiled owner during repeated initialization and exact page reads 3093ms
 ✓  extension-database-workers  extensions/memory-wiki/doctor-contract-api.test.ts > memory-wiki Doctor state compatibility > accepts an empty July import run and preserves snapshot rollback 5104ms
 ✓  extension-database-workers  extensions/memory-wiki/src/compiled-cache.integration.test.ts > Memory Wiki compiled cache lifecycle > explicit activation rejects the compiled snapshot after source-edit 2799ms
 ✓  extension-database-workers  extensions/memory-wiki/doctor-contract-api.test.ts > memory-wiki Doctor state compatibility > checks every configured agent vault without borrowing canonical state 3928ms
 ✓  extension-database-workers  extensions/memory-wiki/src/compiled-cache.integration.test.ts > Memory Wiki compiled cache lifecycle > explicit activation rejects the compiled snapshot after log-rollback 2763ms
 ✓  extension-database-workers  extensions/memory-wiki/src/compiled-cache.integration.test.ts > Memory Wiki compiled cache lifecycle > round-trips compile through async preparation and claim query after restart 3604ms
 ✓  extension-database-workers  extensions/memory-wiki/src/compiled-cache.integration.test.ts > Memory Wiki compiled cache lifecycle > bounds dashboard projections below the compiled-cache entry limit 178ms
 ✓  extension-database-workers  extensions/memory-wiki/src/compiled-cache.integration.test.ts > Memory Wiki compiled cache lifecycle > replaces a loaded snapshot when a newer publication commits 1887ms
 ✓  extension-database-workers  extensions/memory-wiki/src/compiled-cache.integration.test.ts > Memory Wiki compiled cache lifecycle > ignores legacy files and rebuilds only on compile 1975ms
 ✓  extension-database-workers  extensions/memory-wiki/src/compiled-cache.integration.test.ts > Memory Wiki compiled cache lifecycle > persists snapshots beyond the keyed-state value limit 3527ms
 ✓  extension-database-workers  extensions/memory-wiki/src/compiled-cache.integration.test.ts > Memory Wiki compiled cache lifecycle > loads an externally compiled generation after lifecycle refresh without polling 3587ms
 ✓  extension-database-workers  extensions/memory-wiki/src/compiled-cache.integration.test.ts > Memory Wiki compiled cache lifecycle > defers a publication that completes during lifecycle reconciliation 3497ms
 ✓  extension-database-workers  extensions/memory-wiki/src/compiled-cache.integration.test.ts > Memory Wiki compiled cache lifecycle > reads the stable owner row directly without enumerating stale metadata 1815ms
 ✓  extension-database-workers  extensions/memory-wiki/src/compiled-cache.integration.test.ts > Memory Wiki compiled cache lifecycle > preserves vault identity across atomic edits to user-managed scaffold files 1802ms
 ✓  extension-database-workers  extensions/memory-wiki/src/compiled-cache.integration.test.ts > Memory Wiki compiled cache lifecycle > rejects claims newer than a restored vault after lifecycle refresh 3427ms
 ✓  extension-database-workers  extensions/memory-wiki/src/compiled-cache.integration.test.ts > Memory Wiki compiled cache lifecycle > rejects a reserved publication when its identical parent was restored 3368ms
 ✓  extension-database-workers  extensions/memory-wiki/src/compiled-cache.integration.test.ts > Memory Wiki compiled cache lifecycle > keeps a committed publication when an older writer is rejected 1810ms
 ✓  extension-database-workers  extensions/memory-wiki/src/compiled-cache.integration.test.ts > Memory Wiki compiled cache lifecycle > loads a prepared snapshot without prompt-path file I/O 1798ms
 ✓  extension-database-workers  extensions/memory-wiki/src/compiled-cache.integration.test.ts > Memory Wiki compiled cache lifecycle > reports transient SQLite read failures as failed dashboard state 3449ms
 ✓  extension-database-workers  extensions/memory-wiki/src/compiled-cache.integration.test.ts > Memory Wiki compiled cache lifecycle > keeps a restored owner closed when lifecycle reconciliation fails 1859ms
 ✓  extension-database-workers  extensions/memory-wiki/src/compiled-cache.integration.test.ts > Memory Wiki compiled cache lifecycle > rejects a predecessor snapshot when a vault path is reused 3467ms
 ✓  extension-database-workers  extensions/memory-wiki/src/compiled-cache.integration.test.ts > Memory Wiki compiled cache lifecycle > atomically replaces one stable owner row when the configured vault moves 1832ms
 ✓  extension-database-workers  extensions/memory-wiki/src/compiled-cache.integration.test.ts > Memory Wiki compiled cache lifecycle > deletes cache rows when their agent owner is removed 3469ms

 Test Files  48 passed (48)
      Tests  508 passed | 1 skipped (509)
   Start at  18:26:14
   Duration  126.21s (tests 48%, transform 34%, import 11%, setup 7%)

